sa
pb
pb
ra
ra
ra
ra
ra
sa
pb
ra
sa
pb

3 10 -20 -3 89 59  40

-20 -3 3 10 40 59 89